// Jest Snapshot v1, https://goo.gl/fbAQLP

exports[`ListItem should match snapshot 1`] = `
<div
  className="sc-bcXHqe iUhTtb"
>
  <div
    className="sc-gswNZR eXNMqo"
  >
    <a
      href="/items/1"
      onClick={[Function]}
      onMouseEnter={[Function]}
    >
      <span
        style={
          {
            "background": "none",
            "border": 0,
            "boxSizing": "border-box",
            "display": "inline-block",
            "height": "initial",
            "margin": 0,
            "maxWidth": "100%",
            "opacity": 1,
            "overflow": "hidden",
            "padding": 0,
            "position": "relative",
            "width": "initial",
          }
        }
      >
        <span
          style={
            {
              "background": "none",
              "border": 0,
              "boxSizing": "border-box",
              "display": "block",
              "height": "initial",
              "margin": 0,
              "maxWidth": "100%",
              "opacity": 1,
              "padding": 0,
              "width": "initial",
            }
          }
        >
          <img
            alt=""
            aria-hidden={true}
            src="data:image/svg+xml,%3csvg%20xmlns=%27http://www.w3.org/2000/svg%27%20version=%271.1%27%20width=%27160%27%20height=%27160%27/%3e"
            style={
              {
                "background": "none",
                "border": 0,
                "display": "block",
                "height": "initial",
                "margin": 0,
                "maxWidth": "100%",
                "opacity": 1,
                "padding": 0,
                "width": "initial",
              }
            }
          />
        </span>
        <img
          alt="Image Product"
          data-nimg="intrinsic"
          decoding="async"
          onError={[Function]}
          onLoad={[Function]}
          src="data:image/gif;base64,R0lGODlhAQABAIAAAAAAAP///yH5BAEAAAAALAAAAAABAAEAAAIBRAA7"
          style={
            {
              "border": "none",
              "bottom": 0,
              "boxSizing": "border-box",
              "display": "block",
              "height": 0,
              "left": 0,
              "margin": "auto",
              "maxHeight": "100%",
              "maxWidth": "100%",
              "minHeight": "100%",
              "minWidth": "100%",
              "objectFit": undefined,
              "objectPosition": undefined,
              "padding": 0,
              "position": "absolute",
              "right": 0,
              "top": 0,
              "width": 0,
            }
          }
        />
        <noscript>
          <img
            alt="Image Product"
            data-nimg="intrinsic"
            decoding="async"
            loading="lazy"
            src="/_next/image?url=http%3A%2F%2Fhttp2.mlstatic.com%2FD_820151-MLA50232582674_062022-I.jpg&w=384&q=75"
            srcSet="/_next/image?url=http%3A%2F%2Fhttp2.mlstatic.com%2FD_820151-MLA50232582674_062022-I.jpg&w=256&q=75 1x, /_next/image?url=http%3A%2F%2Fhttp2.mlstatic.com%2FD_820151-MLA50232582674_062022-I.jpg&w=384&q=75 2x"
            style={
              {
                "border": "none",
                "bottom": 0,
                "boxSizing": "border-box",
                "display": "block",
                "height": 0,
                "left": 0,
                "margin": "auto",
                "maxHeight": "100%",
                "maxWidth": "100%",
                "minHeight": "100%",
                "minWidth": "100%",
                "objectFit": undefined,
                "objectPosition": undefined,
                "padding": 0,
                "position": "absolute",
                "right": 0,
                "top": 0,
                "width": 0,
              }
            }
          />
        </noscript>
      </span>
    </a>
  </div>
  <div
    className="sc-eDvSVe lkSCjN"
  >
    <h2
      className="sc-hLBbgP irYjXH"
    >
      <a
        href="/items/1"
        onClick={[Function]}
        onMouseEnter={[Function]}
      >
        some title
      </a>
    </h2>
    <div
      className="sc-dkrFOg clTdbK"
    >
      <p>
        $ 
        10.000
      </p>
      <span>
        <span
          style={
            {
              "background": "none",
              "border": 0,
              "boxSizing": "border-box",
              "display": "inline-block",
              "height": "initial",
              "margin": 0,
              "maxWidth": "100%",
              "opacity": 1,
              "overflow": "hidden",
              "padding": 0,
              "position": "relative",
              "width": "initial",
            }
          }
        >
          <span
            style={
              {
                "background": "none",
                "border": 0,
                "boxSizing": "border-box",
                "display": "block",
                "height": "initial",
                "margin": 0,
                "maxWidth": "100%",
                "opacity": 1,
                "padding": 0,
                "width": "initial",
              }
            }
          >
            <img
              alt=""
              aria-hidden={true}
              src="data:image/svg+xml,%3csvg%20xmlns=%27http://www.w3.org/2000/svg%27%20version=%271.1%27%20width=%2724%27%20height=%2724%27/%3e"
              style={
                {
                  "background": "none",
                  "border": 0,
                  "display": "block",
                  "height": "initial",
                  "margin": 0,
                  "maxWidth": "100%",
                  "opacity": 1,
                  "padding": 0,
                  "width": "initial",
                }
              }
            />
          </span>
          <img
            alt="Free Shipping"
            data-nimg="intrinsic"
            decoding="async"
            onError={[Function]}
            onLoad={[Function]}
            src="data:image/gif;base64,R0lGODlhAQABAIAAAAAAAP///yH5BAEAAAAALAAAAAABAAEAAAIBRAA7"
            style={
              {
                "border": "none",
                "bottom": 0,
                "boxSizing": "border-box",
                "display": "block",
                "height": 0,
                "left": 0,
                "margin": "auto",
                "maxHeight": "100%",
                "maxWidth": "100%",
                "minHeight": "100%",
                "minWidth": "100%",
                "objectFit": undefined,
                "objectPosition": undefined,
                "padding": 0,
                "position": "absolute",
                "right": 0,
                "top": 0,
                "width": 0,
              }
            }
          />
          <noscript>
            <img
              alt="Free Shipping"
              data-nimg="intrinsic"
              decoding="async"
              loading="lazy"
              src="/_next/image?url=%2Fimg.jpg&w=48&q=75"
              srcSet="/_next/image?url=%2Fimg.jpg&w=32&q=75 1x, /_next/image?url=%2Fimg.jpg&w=48&q=75 2x"
              style={
                {
                  "border": "none",
                  "bottom": 0,
                  "boxSizing": "border-box",
                  "display": "block",
                  "height": 0,
                  "left": 0,
                  "margin": "auto",
                  "maxHeight": "100%",
                  "maxWidth": "100%",
                  "minHeight": "100%",
                  "minWidth": "100%",
                  "objectFit": undefined,
                  "objectPosition": undefined,
                  "padding": 0,
                  "position": "absolute",
                  "right": 0,
                  "top": 0,
                  "width": 0,
                }
              }
            />
          </noscript>
        </span>
      </span>
    </div>
    <span
      className="sc-jSUZER dmBCMl"
    >
      new
    </span>
  </div>
</div>
`;
